000 (045.000.000) 2025-10-04 16:27:24 Job submitted from host: <172.30.28.31:9618?addrs=172.30.28.31-9618&alias=submit&noUDP&sock=schedd_950_330f>
...
014 (045.000.002) 2025-10-04 16:27:45 Node 2 executing on host: <172.30.28.34:9618?addrs=172.30.28.34-9618&alias=exec03&noUDP&sock=startd_713_a31d>
	SlotName: slot1_1@exec03
	CondorScratchDir = "/var/lib/condor/execute/dir_2408"
	Cpus = 1
	Disk = 14336
	GPUs = 0
	Memory = 128
...
014 (045.000.001) 2025-10-04 16:27:45 Node 1 executing on host: <172.30.28.33:9618?addrs=172.30.28.33-9618&alias=exec02&noUDP&sock=startd_715_024e>
	SlotName: slot1_1@exec02
	CondorScratchDir = "/var/lib/condor/execute/dir_2428"
	Cpus = 1
	Disk = 14336
	GPUs = 0
	Memory = 128
...
014 (045.000.000) 2025-10-04 16:27:45 Node 0 executing on host: <172.30.28.32:9618?addrs=172.30.28.32-9618&alias=exec01&noUDP&sock=startd_723_7f10>
	SlotName: slot1_1@exec01
	CondorScratchDir = "/var/lib/condor/execute/dir_2615"
	Cpus = 1
	Disk = 14337
	GPUs = 0
	Memory = 128
...
001 (045.000.000) 2025-10-04 16:27:45 Job executing on host: MPI_job
...
008 (045.000.000) 2025-10-04 16:27:52 Launching orted on Node 2 of 3
...
008 (045.000.000) 2025-10-04 16:27:52 Launching orted on Node 1 of 3
...
008 (045.000.000) 2025-10-04 16:27:52 Launching orted on Node 0 of 3
...
008 (045.000.000) 2025-10-04 16:27:53 orted exited on Node 2 of 3
...
008 (045.000.000) 2025-10-04 16:27:53 orted exited on Node 0 of 3
...
008 (045.000.000) 2025-10-04 16:27:53 orted exited on Node 1 of 3
...
015 (045.000.002) 2025-10-04 16:27:53 Node 2 terminated.
	(1) Normal termination (return value 0)
		Usr 0 00:00:00, Sys 0 00:00:00  -  Run Remote Usage
		Usr 0 00:00:00, Sys 0 00:00:00  -  Run Local Usage
		Usr 0 00:00:00, Sys 0 00:00:00  -  Total Remote Usage
		Usr 0 00:00:00, Sys 0 00:00:00  -  Total Local Usage
	50  -  Run Bytes Sent By Node
	10507527  -  Run Bytes Received By Node
	50  -  Total Bytes Sent By Node
	10507527  -  Total Bytes Received By Node
...
015 (045.000.001) 2025-10-04 16:27:53 Node 1 terminated.
	(1) Normal termination (return value 0)
		Usr 0 00:00:00, Sys 0 00:00:00  -  Run Remote Usage
		Usr 0 00:00:00, Sys 0 00:00:00  -  Run Local Usage
		Usr 0 00:00:00, Sys 0 00:00:00  -  Total Remote Usage
		Usr 0 00:00:00, Sys 0 00:00:00  -  Total Local Usage
	50  -  Run Bytes Sent By Node
	10507527  -  Run Bytes Received By Node
	50  -  Total Bytes Sent By Node
	10507527  -  Total Bytes Received By Node
...
015 (045.000.000) 2025-10-04 16:27:53 Node 0 terminated.
	(1) Normal termination (return value 0)
		Usr 0 00:00:00, Sys 0 00:00:00  -  Run Remote Usage
		Usr 0 00:00:00, Sys 0 00:00:00  -  Run Local Usage
		Usr 0 00:00:00, Sys 0 00:00:00  -  Total Remote Usage
		Usr 0 00:00:00, Sys 0 00:00:00  -  Total Local Usage
	31447418  -  Run Bytes Sent By Node
	10507527  -  Run Bytes Received By Node
	31447418  -  Total Bytes Sent By Node
	10507527  -  Total Bytes Received By Node
...
005 (045.000.000) 2025-10-04 16:27:54 Job terminated.
	(1) Normal termination (return value 0)
		Usr 0 00:00:00, Sys 0 00:00:00  -  Run Remote Usage
		Usr 0 00:00:00, Sys 0 00:00:00  -  Run Local Usage
		Usr 0 00:00:00, Sys 0 00:00:00  -  Total Remote Usage
		Usr 0 00:00:00, Sys 0 00:00:00  -  Total Local Usage
	31447518  -  Run Bytes Sent By Job
	31522580  -  Run Bytes Received By Job
	31447518  -  Total Bytes Sent By Job
	31522580  -  Total Bytes Received By Job
	Partitionable Resources :    Usage  Request Allocated 
	   Cpus                 :        0        1         1 
	   Disk (KB)            :    40988    12500     14337 
	   GPUs                 :                           0 
	   Memory (MB)          :        0        1       128 
	   TimeExecute (s)      :        8                    
	   TimeSlotBusy (s)     :       10                    

	Job terminated of its own accord at 2025-10-04T21:27:53Z with exit-code 0.
...
